%a%
Content-Type: text/html; charset=UTF-8

<html><body>Hello Webino!</body></html>
