%a%
Content-Type: application/json; charset=UTF-8

{
    "foo": {
        "bar": "baz"
    }
}
