Status: 302 Found
%a%
Location: https://webino.sk
%a%
