%a%
Content-Type: text/xml; charset=UTF-8

<xml>Hello Webino!</xml>
