%a%
Content-Type: text/plain; charset=UTF-8

Example
