%a%
Content-Type: text/plain; charset=UTF-8

Hello Webino!
